// Jest Snapshot v1, https://goo.gl/fbAQLP

exports[`Should render ExpenseListItem 1`] = `
<div>
  <p>
    <Link
      replace={false}
      to="/edit/1"
    >
      Gum
    </Link>
    , amount: 
    $1.95
    , created: 
    31st December, 1969
    .
  </p>
</div>
`;
