// Jest Snapshot v1, https://goo.gl/fbAQLP

exports[`Should render Header correctly 1`] = `
<header>
  <h1>
    Expenses
  </h1>
  <NavLink
    activeClassName="is-active"
    ariaCurrent="true"
    exact={true}
    to="/"
  >
    Home
  </NavLink>
  <NavLink
    activeClassName="is-active"
    ariaCurrent="true"
    exact={true}
    to="/create"
  >
    New
  </NavLink>
  <NavLink
    activeClassName="is-active"
    ariaCurrent="true"
    exact={true}
    to="/help"
  >
    Help
  </NavLink>
</header>
`;
